[file.osen.co.kr/article/2025/12/04/202512041818778752_6931521e5cc43.jpg]
[backblue.gif]
[fade.gif]
[index.html]
[www.newspub.kr/static/images/favicon.ico]
[www.newspub.kr/static/js/custom/pre.common.js]
[www.newspub.kr/static/js/jquery-3.6.0.min.js]
[www.newspub.kr/static/js/jquery-ui.min.js]
[www.newspub.kr/static/js/jquery.form.min.js]
[www.newspub.kr/static/js/jquery.cookie.js]
[pagead2.googlesyndication.com/pagead/js/f40e3.txt]
[api.aedi.ai/common/js/v1/aedi-ad.js]
[securepubads.g.doubleclick.net/tag/js/f.txt]
[www.newspub.kr/static/images/content_logo.png]
[ssl.pstatic.net/adimg3.search/adpost/js/adpost_show_ads_v2.min.js]
[www.newspub.kr/static/images/naver_ad_info.png]
[www.newspub.kr/static/images/npay.png]
[www.newspub.kr/static/images/npay_plus.png]
[www.newspub.kr/static/images/naveridlogin.png]
[www.newspub.kr/static/images/talktalk.png]
[file.osen.co.kr/article/2025/12/04/202512041818778752_6931521eeb0aa.jpg]
[image.edaily.co.kr/images/Photo/files/NP/S/2025/12/PS25121100456.jpg]
[image.news1.kr/system/photos/2025/12/11/7645677/article.jpg]
[image.news1.kr/system/photos/2025/12/11/7645607/article.jpg]
[file.osen.co.kr/article/2025/12/11/202512111020779699_693a2026a6480.jpg]
[image.edaily.co.kr/images/Photo/files/NP/S/2025/12/PS25121100594.jpg]
[cdn.mhnse.com/news/photo/202512/490972_632856_2844.jpg]
[image.edaily.co.kr/images/Photo/files/NP/S/2025/12/PS25121100988.jpg]
[image.edaily.co.kr/images/Photo/files/NP/S/2025/12/PS25121101104.jpg]
[cdn.mhnse.com/news/photo/202512/491006_632941_383.jpg]
[image.edaily.co.kr/images/Photo/files/NP/S/2025/12/PS25121101344.jpg]
[www.newspub.kr/static/js/slick.min.js]
[www.newspub.kr/static/js/plyr.min.js]
[www.newspub.kr/static/js/aos.js]
[www.newspub.kr/static/js/masonry.pkgd.min.js]
[www.newspub.kr/static/js/imagesloaded.pkgd.min.js]
[www.newspub.kr/static/js/numscroller-1.0.js]
[www.newspub.kr/static/js/jquery.countdown.min.js]
[www.newspub.kr/static/js/jquery.lazy.min.js]
[www.newspub.kr/static/js/main.js]
[www.newspub.kr/static/js/sweetalert2.js]
[www.newspub.kr/static/js/custom/common.js]
[www.newspub.kr/static/js/custom/content.js]
[www.newspub.kr/static/js/custom/abs.min5598.js]
[www.newspub.kr/content0e5f.html]
[www.newspub.kr/static/images/newspub_icon.png]
[image.edaily.co.kr/images/Photo/files/NP/S/2025/12/PS25121200060.jpg]
[image.news1.kr/system/photos/2025/11/18/7606483/article.jpg]
[image.news1.kr/system/photos/2025/12/12/7647547/article.jpg]
[talkimg.imbc.com/TVianUpload/tvian/TViews/image/2025/12/12/0198da98-ed17-4dc4-8845-d176d856038d.jpg]
[image.news1.kr/system/photos/2025/7/8/7381523/article.jpg]
[image.news1.kr/system/photos/2025/12/12/7647539/article.jpg]
[image.news1.kr/system/photos/2025/12/12/7647540/article.jpg]
[image.news1.kr/system/photos/2025/12/12/7647537/article.jpg]
[image.edaily.co.kr/images/Photo/files/NP/S/2025/12/PS25121200293.jpg]
[image.news1.kr/system/photos/2024/6/10/6696688/article.jpg]
[image.news1.kr/system/photos/2025/12/12/7647438/article.jpg]
[talkimg.imbc.com/TVianUpload/tvian/TViews/image/2025/12/12/fb9a8d4b-31cb-41bb-8bee-ad64bbc813dc.jpg]
[image.news1.kr/system/photos/2025/12/12/7647483/article.jpg]
[image.edaily.co.kr/images/Photo/files/NP/S/2025/12/PS25121200333.jpg]
[file.osen.co.kr/article/2025/12/12/202512120755772004_693b501d81c0c.png]
[file.osen.co.kr/article/2025/12/12/202512120817778285_693b574de6bbb.jpg]
[image.news1.kr/system/photos/2025/11/2/7578536/article.jpg]
[image.edaily.co.kr/images/Photo/files/NP/S/2025/12/PS25121200256.jpg]
[image.news1.kr/system/photos/2025/12/7/7639081/article.jpg]
[image.edaily.co.kr/images/Photo/files/NP/S/2025/12/PS25121200324.jpg]
[image.edaily.co.kr/images/Photo/files/NP/S/2025/12/PS25121200301.jpg]
[image.edaily.co.kr/images/Photo/files/NP/S/2025/12/PS25121200260.jpg]
[image.edaily.co.kr/images/Photo/files/NP/S/2025/12/PS25121200312.jpg]
[image.edaily.co.kr/images/Photo/files/NP/S/2025/12/PS25121200302.jpg]
[image.news1.kr/system/photos/2025/12/11/7647273/article.jpg]
[image.edaily.co.kr/images/Photo/files/NP/S/2025/12/PS25121200305.jpg]
[image.edaily.co.kr/images/Photo/files/NP/S/2025/12/PS25121200140.jpg]
[image.edaily.co.kr/images/Photo/files/NP/S/2025/12/PS25121200022.jpg]
[image.news1.kr/system/photos/2025/12/12/7647482/article.jpg]
[image.news1.kr/system/photos/2025/12/12/7647441/article.jpg]
[image.edaily.co.kr/images/Photo/files/NP/S/2025/12/PS25121200286.800x.0.jpg]
[www.newspub.kr/static/images/contact.png]
[www.newspub.kr/static/js/custom/category.js]
[www.newspub.kr/index.html]
[www.newspub.kr/static/fonts/NotoSansKR-Thin.woff2]
[www.newspub.kr/static/fonts/NotoSansKR-Thin.woff]
[www.newspub.kr/static/fonts/NotoSansKR-Thin.otf]
[www.newspub.kr/static/fonts/NotoSansKR-Light.woff2]
[www.newspub.kr/static/fonts/NotoSansKR-Light.woff]
[www.newspub.kr/static/fonts/NotoSansKR-Light.otf]
[www.newspub.kr/static/fonts/NotoSansKR-Regular.woff2]
[www.newspub.kr/static/fonts/NotoSansKR-Regular.woff]
[www.newspub.kr/static/fonts/NotoSansKR-Regular.otf]
[www.newspub.kr/static/fonts/NotoSansKR-Medium.woff2]
[www.newspub.kr/static/fonts/NotoSansKR-Medium.woff]
[www.newspub.kr/static/fonts/NotoSansKR-Medium.otf]
[www.newspub.kr/static/fonts/NotoSansKR-Bold.woff2]
[www.newspub.kr/static/fonts/NotoSansKR-Bold.woff]
[www.newspub.kr/static/fonts/NotoSansKR-Bold.otf]
[www.newspub.kr/static/fonts/NotoSansKR-Black.woff2]
[www.newspub.kr/static/fonts/NotoSansKR-Black.woff]
[www.newspub.kr/static/fonts/NotoSansKR-Black.otf]
[www.newspub.kr/static/css/style.css]
[www.newspub.kr/static/css/slick.css]
[www.newspub.kr/static/css/jquery-ui.css]
[www.newspub.kr/static/css/custom_bootstrap.css]
[www.newspub.kr/static/css/elegant.css]
[www.newspub.kr/static/css/plyr.css]
[www.newspub.kr/static/css/aos.css]
[www.newspub.kr/static/css/animate.css]
[www.newspub.kr/static/css/themify-icons.css]
[www.newspub.kr/static/css/sweetalert2.css]
[www.newspub.kr/static/css/custom.css]
[api.aedi.ai/common/css/v1/aedi-ad.css]
[www.newspub.kr/index56ab.html]
[image.edaily.co.kr/images/photo/files/NP/S/2025/12/PS25121100456-2.jpg]
[image.edaily.co.kr/images/Photo/files/NP/S/2025/12/PS25121101384.jpg]
[www.newspub.kr/content5695.html]
[www.newspub.kr/content68b0.html]
[image.news1.kr/system/photos/2025/12/11/7645684/article.jpg]
[www.newspub.kr/contentc615.html]
[file.osen.co.kr/article/2025/12/11/202512111020779699_693a202733d76.jpg]
[www.newspub.kr/contentd4fc.html]
[image.edaily.co.kr/images/photo/files/NP/S/2025/12/PS25121100594-2.jpg]
[www.newspub.kr/content9463.html]
[cdn.mhnse.com/news/photo/202512/490972_632857_2844.jpg]
[cdn.mhnse.com/news/photo/202512/490972_632858_2844.jpg]
[cdn.mhnse.com/news/photo/202512/490972_632859_2845.jpg]
[www.newspub.kr/content0d43.html]
[image.edaily.co.kr/images/photo/files/NP/S/2025/12/PS25121100988-2.jpg]
[www.newspub.kr/contentdd6f.html]
[image.edaily.co.kr/images/photo/files/NP/S/2025/12/PS25121101104-2.jpg]
[www.newspub.kr/contente34d.html]
[www.newspub.kr/contentdd08.html]
[image.edaily.co.kr/images/photo/files/NP/S/2025/12/PS25121101344-2.jpg]
[image.edaily.co.kr/images/photo/files/NP/S/2025/12/PS25121101341.jpg]
[image.edaily.co.kr/images/photo/files/NP/S/2025/12/PS25121101343.jpg]
[image.edaily.co.kr/images/photo/files/NP/S/2025/12/PS25121101342.jpg]
[www.newspub.kr/content4a40.html]
[www.newspub.kr/home1258.html]
[image.edaily.co.kr/images/Photo/files/NP/S/2025/12/PS25121200278.jpg]
[image.news1.kr/system/photos/2025/10/23/7558783/article.jpg]
[image.edaily.co.kr/images/Photo/files/NP/S/2025/12/PS25121200238.jpg]
[image.edaily.co.kr/images/Photo/files/NP/S/2025/12/PS25121200236.jpg]
[image.edaily.co.kr/images/Photo/files/NP/S/2025/12/PS25121200235.jpg]
[image.edaily.co.kr/images/Photo/files/NP/S/2025/12/PS25121200217.jpg]
[image.edaily.co.kr/images/Photo/files/NP/S/2025/12/PS25121200207.jpg]
[image.edaily.co.kr/images/Photo/files/NP/S/2025/12/PS25121200199.jpg]
[image.edaily.co.kr/images/Photo/files/NP/S/2025/12/PS25121200178.jpg]
[image.edaily.co.kr/images/Photo/files/NP/S/2025/12/PS25121200154.jpg]
[image.news1.kr/system/photos/2025/10/16/7545727/article.jpg]
[image.edaily.co.kr/images/Photo/files/NP/S/2025/12/PS25121200104.jpg]
[image.news1.kr/system/photos/2025/12/9/7641411/article.jpg]
[image.edaily.co.kr/images/Photo/files/NP/S/2025/12/PS25121200081.jpg]
[image.edaily.co.kr/images/Photo/files/NP/S/2025/12/PS25121200073.jpg]
[image.news1.kr/system/photos/2025/1/2/7066409/article.jpg]
[image.edaily.co.kr/images/Photo/files/NP/S/2025/12/PS25121200072.jpg]
[image.edaily.co.kr/images/Photo/files/NP/S/2025/12/PS25121200044.jpg]
[image.news1.kr/system/photos/2025/11/14/7601241/article.jpg]
[image.news1.kr/system/photos/2025/11/8/7589537/no_water.jpg]
[image.news1.kr/system/photos/2025/11/11/7593804/article.jpg]
[image.edaily.co.kr/images/Photo/files/NP/S/2025/12/PS25121200041.jpg]
[image.edaily.co.kr/images/Photo/files/NP/S/2025/12/PS25121200023.jpg]
[image.edaily.co.kr/images/Photo/files/NP/S/2025/12/PS25121200021.jpg]
[image.news1.kr/system/photos/2025/12/11/7646661/article.jpg]
[image.news1.kr/system/photos/2025/12/11/7647128/article.jpg]
[image.news1.kr/system/photos/2025/12/11/7645795/article.jpg]
[image.edaily.co.kr/images/Photo/files/NP/S/2025/12/PS25121200019.jpg]
[image.edaily.co.kr/images/Photo/files/NP/S/2025/12/PS25121200017.jpg]
[image.edaily.co.kr/images/Photo/files/NP/S/2025/12/PS25121200009.jpg]
[image.edaily.co.kr/images/Photo/files/NP/S/2025/12/PS25121101552.jpg]
[image.edaily.co.kr/images/Photo/files/NP/S/2025/12/PS25121101548.jpg]
[image.news1.kr/system/photos/2025/9/16/7497522/article.jpg]
[image.edaily.co.kr/images/Photo/files/NP/S/2025/12/PS25121101530.jpg]
[image.edaily.co.kr/images/Photo/files/NP/S/2025/12/PS25121101529.jpg]
[image.edaily.co.kr/images/Photo/files/NP/S/2025/12/PS25121101520.jpg]
[image.edaily.co.kr/images/Photo/files/NP/S/2025/12/PS25121101508.jpg]
[image.news1.kr/system/photos/2025/9/24/7513239/article.jpg]
[image.news1.kr/system/photos/2025/10/21/7554497/article.jpg]
[image.edaily.co.kr/images/Photo/files/NP/S/2025/12/PS25121101497.jpg]
[image.edaily.co.kr/images/Photo/files/NP/S/2025/12/PS25121101494.jpg]
[image.news1.kr/system/photos/2025/12/9/7643085/article.jpg]
[image.news1.kr/system/photos/2025/10/13/7538029/article.jpg]
[image.news1.kr/system/photos/2022/8/26/5546083/article.jpg]
[image.edaily.co.kr/images/Photo/files/NP/S/2025/12/PS25121101454.jpg]
[image.edaily.co.kr/images/Photo/files/NP/S/2025/12/PS25121101453.jpg]
[image.edaily.co.kr/images/Photo/files/NP/S/2025/12/PS25121101452.jpg]
[image.edaily.co.kr/images/Photo/files/NP/S/2025/12/PS25121101431.jpg]
[image.edaily.co.kr/images/Photo/files/NP/S/2025/12/PS25121101421.jpg]
[image.edaily.co.kr/images/Photo/files/NP/S/2025/12/PS25121101411.jpg]
[image.edaily.co.kr/images/Photo/files/NP/S/2025/12/PS25121101407.jpg]
[image.edaily.co.kr/images/Photo/files/NP/S/2025/12/PS25121101404.jpg]
[image.edaily.co.kr/images/Photo/files/NP/S/2025/12/PS25121101403.jpg]
[image.edaily.co.kr/images/Photo/files/NP/S/2025/12/PS25121101402.jpg]
[image.edaily.co.kr/images/Photo/files/NP/S/2025/12/PS25121101400.jpg]
[www.newspub.kr/categoryfd52.html]
[image.edaily.co.kr/images/Photo/files/NP/S/2025/12/PS25121200325.jpg]
[image.edaily.co.kr/images/Photo/files/NP/S/2025/12/PS25121200316.jpg]
[file.osen.co.kr/article/2025/12/12/202512120846775390_693b587aa1a9c.jpg]
[talkimg.imbc.com/TVianUpload/tvian/TViews/image/2025/12/12/d8b80ef9-a789-4f06-9336-aa7c9e571f44.jpg]
[image.news1.kr/system/photos/2025/12/12/7647481/article.jpg]
[file.osen.co.kr/article/2025/12/12/202512120839772014_693b57f001938.jpg]
[talkimg.imbc.com/TVianUpload/tvian/TViews/image/2025/12/12/6aefd8c3-f0d5-48ed-845b-5621c32fcade.jpg]
[image.edaily.co.kr/images/Photo/files/NP/S/2025/12/PS25121200307.jpg]
[talkimg.imbc.com/TVianUpload/tvian/TViews/image/2025/12/12/f9c8c589-73af-4173-8a6d-3ce0a4c737fe.jpg]
[file.osen.co.kr/article/2025/12/12/202512120841770353_693b56ead6e6b.jpg]
[file.osen.co.kr/article/2025/12/12/202512120823778085_693b5652c37f0.jpg]
[talkimg.imbc.com/TVianUpload/tvian/TViews/image/2025/12/12/326c1892-e948-4c3a-afae-b2f5820ee1b8.jpg]
[file.osen.co.kr/article/2025/12/12/202512120823778961_693b55a23bf96.jpg]
[talkimg.imbc.com/TVianUpload/tvian/TViews/image/2025/12/12/5aa27d03-68fa-4282-9ebe-efd0b2e9cc60.jpg]
[file.osen.co.kr/article/2025/12/12/202512120829774209_693b55018cf11.jpg]
[talkimg.imbc.com/TVianUpload/tvian/TViews/image/2025/12/12/55d71473-f773-4a55-a5d2-85515691c6a4.jpg]
[talkimg.imbc.com/TVianUpload/tvian/TViews/image/2025/12/12/67b829c0-5b73-402a-bde5-a269606f1983.jpg]
[image.edaily.co.kr/images/Photo/files/NP/S/2025/12/PS25121200279.jpg]
[talkimg.imbc.com/TVianUpload/tvian/TViews/image/2025/12/12/c3292369-5fee-41da-8838-2f13b2716368.jpg]
[file.osen.co.kr/article/2025/12/12/202512120815770465_693b5385bce22.jpg]
[talkimg.imbc.com/TVianUpload/tvian/TViews/image/2025/12/12/d657413a-0859-43e2-8192-0b8a215b02a4.jpg]
[talkimg.imbc.com/TVianUpload/tvian/TViews/image/2025/12/12/4b798831-6f9b-4524-b1b6-14052405cff1.jpg]
[talkimg.imbc.com/TVianUpload/tvian/TViews/image/2025/12/12/027b048c-eb3e-4702-b854-28582638f295.jpg]
[talkimg.imbc.com/TVianUpload/tvian/TViews/image/2025/12/12/48a1fb85-22e0-49e9-8e9a-86ff3775c202.jpg]
[image.edaily.co.kr/images/Photo/files/NP/S/2025/12/PS25121200268.jpg]
[file.osen.co.kr/article/2025/12/12/202512120818771228_693b5220a8622.jpg]
[file.osen.co.kr/article/2025/12/12/202512120808776040_693b52183dea7.jpg]
[image.news1.kr/system/photos/2025/12/12/7647446/article.jpg]
[image.news1.kr/system/photos/2025/12/12/7647426/article.jpg]
[file.osen.co.kr/article/2025/12/11/202512112150776676_693b4f8cec346.jpg]
[file.osen.co.kr/article/2025/12/12/202512120810774332_693b5079b1b34.jpg]
[image.edaily.co.kr/images/Photo/files/NP/S/2025/12/PS25121200252.jpg]
[file.osen.co.kr/article/2025/12/12/202512120802771580_693b4f887bb35.jpg]
[image.news1.kr/system/photos/2025/12/12/7647425/article.jpg]
[file.osen.co.kr/article/2025/12/12/202512120020771759_693ae2c61d04a.jpg]
[file.osen.co.kr/article/2025/12/12/202512120804774366_693b4e9019998.jpg]
[image.news1.kr/system/photos/2025/12/12/7647412/article.jpg]
[image.edaily.co.kr/images/Photo/files/NP/S/2025/12/PS25121200239.jpg]
[image.news1.kr/system/photos/2025/12/12/7647404/article.jpg]
[file.osen.co.kr/article/2025/12/12/202512120027771148_693af3a85b477.jpg]
[file.osen.co.kr/article/2025/12/12/202512120800771232_693b4dae3f273.jpg]
[file.osen.co.kr/article/2025/12/12/202512120753770088_693b4d47ac055.jpg]
[file.osen.co.kr/article/2025/12/12/202512120110778913_693aee009ec24.jpg]
[file.osen.co.kr/article/2025/12/12/202512120745777732_693b4bdedb00b.jpg]
[file.osen.co.kr/article/2025/12/11/202512112150778611_693b4bffee868.jpg]
[file.osen.co.kr/article/2025/12/12/202512120101778004_693aebdda7c1d.png]
[talkimg.imbc.com/TVianUpload/tvian/TViews/image/2025/12/12/a9f1df66-9c59-4ae2-9687-611446a2ba52.jpg]
[file.osen.co.kr/article/2025/12/11/202512111720777740_693a815237a3b.jpg]
[file.osen.co.kr/article/2025/12/12/202512120735775480_693b4902ceb03.jpg]
[image.news1.kr/system/photos/2025/12/12/7647391/article.jpg]
[file.osen.co.kr/article/2025/12/11/202512112148773210_693ac757df65c.jpg]
[file.osen.co.kr/article/2025/12/12/202512120103774635_693aec2269822.jpg]
[file.osen.co.kr/article/2025/12/12/202512120109773898_693aedd2a3d2b.png]
[file.osen.co.kr/article/2025/12/12/202512120732775026_693b46dc24714.jpg]
[file.osen.co.kr/article/2025/12/12/202512120031771177_693ae9db28c64.jpg]
[talkimg.imbc.com/TVianUpload/tvian/TViews/image/2025/12/12/b41952d5-aa41-4a93-98a8-5a15a7306bc4.jpg]
[file.osen.co.kr/article/2025/12/12/202512120101771583_693afc4b10758.jpg]
[www.newspub.kr/categoryde6a.html]
[image.news1.kr/system/photos/2023/3/6/5868073/article.jpg]
[file.osen.co.kr/article/2025/12/12/202512120131775505_693af28e87f7e.jpg]
[file.osen.co.kr/article/2025/12/12/202512120801776503_693b4eb5eb922.jpg]
[file.osen.co.kr/article/2025/12/12/202512120830774947_693b546e33f3c.jpg]
[cdn.mhnse.com/news/photo/202512/491131_633252_1559.jpg]
[image.news1.kr/system/photos/2025/12/12/7647416/article.jpg]
[file.osen.co.kr/article/2025/12/12/202512120714770306_693b4a71e57b5.jpg]
[file.osen.co.kr/article/2025/12/12/202512120755772886_693b4bf21e2ea.jpg]
[cdn.mhnse.com/news/photo/202512/491130_633250_4740.jpg]
[file.osen.co.kr/article/2025/12/12/202512120728777734_693b49c936b47.jpg]
[image.news1.kr/system/photos/2025/12/12/7647388/article.jpg]
[file.osen.co.kr/article/2025/12/11/202512112351775287_693ae586449e3.png]
[spnimage.edaily.co.kr/images/Photo/files/NP/S/2025/12/PS25121200016.jpg]
[spnimage.edaily.co.kr/images/Photo/files/NP/S/2025/12/PS25121200013.jpg]
[spnimage.edaily.co.kr/images/Photo/files/NP/S/2025/12/PS25121200008.jpg]
[file.osen.co.kr/article/2025/12/12/202512120012771997_693adfd416a73.jpg]
[cdn.mhnse.com/news/photo/202512/491126_633237_1315.png]
[image.news1.kr/system/photos/2025/10/29/7571536/article.jpg]
[image.news1.kr/system/photos/2025/12/3/7631833/article.jpg]
[file.osen.co.kr/article/2025/12/12/202512120244776591_693b0401d952e.jpg]
[file.osen.co.kr/article/2025/12/11/202512111650778999_693a82bab51f5.jpg]
[file.osen.co.kr/article/2025/12/11/202512111630774567_693a89a213c68.png]
[file.osen.co.kr/article/2025/12/11/202512111603770008_693ad50697fc9.jpg]
[cdn.mhnse.com/news/photo/202512/491128_633247_4542.jpg]
[cdn.mhnse.com/news/photo/202512/491127_633243_420.png]
[file.osen.co.kr/article/2025/12/11/202512111748777731_693a8b0bb6306.jpg]
[file.osen.co.kr/article/2025/12/11/202512111553771796_693a6dd9785c7.jpg]
[file.osen.co.kr/article/2025/12/12/202512120108771537_693aece9220fb.jpg]
[file.osen.co.kr/article/2025/12/11/202512111451770296_693a6d19d33de.png]
[file.osen.co.kr/article/2025/12/11/202512112123775100_693ac7e901e8d.jpg]
[cdn.mhnse.com/news/photo/202512/491125_633232_1855.jpg]
[file.osen.co.kr/article/2025/12/11/202512111704778446_693a7e3e5be42.jpg]
[cdn.mhnse.com/news/photo/202512/491107_633177_4225.jpg]
[file.osen.co.kr/article/2025/12/11/202512111419770428_693a55e60795d.jpg]
[file.osen.co.kr/article/2025/12/11/202512112245777184_693ad772e208d.jpg]
[cdn.mhnse.com/news/photo/202512/491124_633227_5735.jpg]
[file.osen.co.kr/article/2025/12/11/202512112336771260_693ad84c2b526.jpg]
[image.news1.kr/system/photos/2025/12/11/7647320/article.jpg]
[image.news1.kr/system/photos/2025/12/11/7647317/article.jpg]
[image.news1.kr/system/photos/2025/7/16/7397881/article.jpg]
[image.news1.kr/system/photos/2025/12/11/7647311/article.jpg]
[file.osen.co.kr/article/2025/12/11/202512112238773498_693acfd849993.jpg]
[file.osen.co.kr/article/2025/12/11/202512112211779778_693acefd76244.jpg]
[file.osen.co.kr/article/2025/12/11/202512111942779113_693aab096ed47.jpg]
[image.news1.kr/system/photos/2025/12/11/7647290/article.jpg]
[file.osen.co.kr/article/2025/12/11/202512112124779336_693ab94122156.jpg]
[file.osen.co.kr/article/2025/12/11/202512112101772902_693ab67a92b10.jpg]
[file.osen.co.kr/article/2025/12/11/202512112038778796_693ab2674d37d.jpg]
[file.osen.co.kr/article/2025/12/11/202512111919776358_693a9ef95d3c1.jpg]
[image.edaily.co.kr/images/Photo/files/NP/S/2025/12/PS25121101415.jpg]
[file.osen.co.kr/article/2025/12/11/202512111852775372_693a96dee789d.jpg]
[file.osen.co.kr/article/2025/12/11/202512111849775489_693a9910d2207.jpg]
[cdn.mhnse.com/news/photo/202512/491120_633216_2916.jpg]
[file.osen.co.kr/article/2025/12/11/202512111806771829_693a91aa3b5bc.jpg]
[cdn.mhnse.com/news/photo/202512/491114_633196_232.jpg]
[cdn.mhnse.com/news/photo/202512/491090_633107_2152.jpg]
[www.newspub.kr/category5e81.html]
[image.news1.kr/system/photos/2025/12/12/7647421/article.jpg]
[image.news1.kr/system/photos/2025/12/12/7647420/article.jpg]
[image.news1.kr/system/photos/2025/12/11/7645307/article.jpg]
[image.news1.kr/system/photos/2025/12/11/7645806/article.jpg]
[image.news1.kr/system/photos/2025/11/26/7620056/article.jpg]
[image.news1.kr/system/photos/2025/12/11/7646866/article.jpg]
[image.edaily.co.kr/images/Photo/files/NP/S/2025/12/PS25121200031.jpg]
[image.news1.kr/system/photos/2025/12/11/7647214/article.jpg]
[image.edaily.co.kr/images/Photo/files/NP/S/2025/12/PS25121200024.jpg]
[image.news1.kr/system/photos/2025/12/11/7647220/article.jpg]
[image.news1.kr/system/photos/2025/12/11/7646075/article.jpg]
[image.edaily.co.kr/images/Photo/files/NP/S/2025/12/PS25121101475.jpg]
[image.news1.kr/system/photos/2025/12/11/7647213/article.jpg]
[image.news1.kr/system/photos/2025/9/28/7519985/article.jpg]
[image.news1.kr/system/photos/2025/12/11/7646365/article.jpg]
[image.edaily.co.kr/images/Photo/files/NP/S/2025/12/PS25121101313.jpg]
[image.edaily.co.kr/images/Photo/files/NP/S/2025/12/PS25121101311.jpg]
[image.edaily.co.kr/images/Photo/files/NP/S/2025/12/PS25121101309.jpg]
[image.edaily.co.kr/images/Photo/files/NP/S/2025/12/PS25121101285.jpg]
[image.news1.kr/system/photos/2025/12/10/7643838/article.jpg]
[image.news1.kr/system/photos/2025/12/9/7642690/article.jpg]
[image.edaily.co.kr/images/Photo/files/NP/S/2025/12/PS25121101190.jpg]
[image.news1.kr/system/photos/2025/12/11/7645324/article.jpg]
[image.edaily.co.kr/images/Photo/files/NP/S/2025/12/PS25121101189.jpg]
[image.news1.kr/system/photos/2025/12/11/7645334/article.jpg]
[image.edaily.co.kr/images/Photo/files/NP/S/2025/12/PS25121101179.jpg]
[image.news1.kr/system/photos/2025/12/11/7646372/article.jpg]
[image.edaily.co.kr/images/Photo/files/NP/S/2025/12/PS25121101173.jpg]
[image.news1.kr/system/photos/2025/12/11/7646474/article.jpg]
[image.news1.kr/system/photos/2025/12/11/7646785/article.jpg]
[image.edaily.co.kr/images/Photo/files/NP/S/2025/12/PS25121101159.jpg]
[image.news1.kr/system/photos/2025/12/11/7645331/article.jpg]
[image.edaily.co.kr/images/Photo/files/NP/S/2025/12/PS25121101128.jpg]
[image.news1.kr/system/photos/2025/11/4/7581576/article.jpg]
[image.news1.kr/system/photos/2025/12/11/7646371/article.jpg]
[image.edaily.co.kr/images/Photo/files/NP/S/2025/12/PS25121101121.jpg]
[image.edaily.co.kr/images/Photo/files/NP/S/2025/12/PS25121101105.jpg]
[image.news1.kr/system/photos/2025/10/30/7572413/article.jpg]
[image.news1.kr/system/photos/2025/12/11/7646790/article.jpg]
[image.edaily.co.kr/images/Photo/files/NP/S/2025/12/PS25121101078.jpg]
[image.edaily.co.kr/images/Photo/files/NP/S/2025/12/PS25121101076.jpg]
[image.edaily.co.kr/images/Photo/files/NP/S/2025/12/PS25121101071.jpg]
[image.news1.kr/system/photos/2024/9/12/6877873/article.jpg]
[image.edaily.co.kr/images/Photo/files/NP/S/2025/12/PS25121101063.jpg]
[image.news1.kr/system/photos/2025/12/11/7646683/article.jpg]
[image.news1.kr/system/photos/2025/12/11/7646897/article.jpg]
[image.edaily.co.kr/images/Photo/files/NP/S/2025/12/PS25121101043.jpg]
[image.news1.kr/system/photos/2025/12/11/7646323/article.jpg]
[image.edaily.co.kr/images/Photo/files/NP/S/2025/12/PS25121101014.jpg]
[image.news1.kr/system/photos/2025/12/11/7646064/article.jpg]
[www.newspub.kr/categoryea43.html]
[image.news1.kr/system/photos/2025/12/12/7647538/article.jpg]
[image.edaily.co.kr/images/Photo/files/NP/S/2025/12/PS25121200332.jpg]
[image.news1.kr/system/photos/2025/12/12/7647533/article.jpg]
[image.news1.kr/system/photos/2025/12/12/7647524/article.jpg]
[image.edaily.co.kr/images/Photo/files/NP/S/2025/12/PS25121200331.jpg]
[image.edaily.co.kr/images/Photo/files/NP/S/2025/12/PS25121200330.jpg]
[image.edaily.co.kr/images/Photo/files/NP/S/2025/12/PS25121200328.jpg]
[image.news1.kr/system/photos/2025/12/12/7647522/article.jpg]
[image.edaily.co.kr/images/Photo/files/NP/S/2025/12/PS25121200326.jpg]
[image.news1.kr/system/photos/2025/12/12/7647519/medium.jpg]
[image.news1.kr/system/photos/2025/12/12/7647517/article.jpg]
[www.newspub.kr/category47b9.html]
[www.newspub.kr/categoryc127.html]
[www.newspub.kr/category4a8d.html]
[www.newspub.kr/category16e2.html]
[www.newspub.kr/category8cf4.html]
[www.newspub.kr/category9129.html]
[www.newspub.kr/category7622.html]
[www.newspub.kr/content6c27.html]
[www.newspub.kr/categoryb578.html]
[www.newspub.kr/content4db0.html]
[www.newspub.kr/category2214.html]
[www.newspub.kr/contentd010.html]
[www.newspub.kr/contentf352.html]
[www.newspub.kr/categoryca2b.html]
[www.newspub.kr/contentbe19.html]
[www.newspub.kr/content7c04.html]
[www.newspub.kr/categoryd364.html]
[www.newspub.kr/content4390.html]
[www.newspub.kr/content1a9a.html]
[www.newspub.kr/content64bc.html]
[www.newspub.kr/content2479.html]
[www.newspub.kr/content0eeb.html]
[www.newspub.kr/contentbd17.html]
[www.newspub.kr/content1c72.html]
[www.newspub.kr/content8a78.html]
[www.newspub.kr/content0561.html]
[www.newspub.kr/categorya44f.html]
[www.newspub.kr/content8b3f.html]
[www.newspub.kr/content91c3.html]
[www.newspub.kr/contente498.html]
[www.newspub.kr/contentbf78.html]
[www.newspub.kr/content51e3.html]
[www.newspub.kr/contentf864.html]
[www.newspub.kr/content2b04.html]
[www.newspub.kr/contentf77a.html]
[www.newspub.kr/contenta31e.html]
[www.newspub.kr/content904b.html]
[www.newspub.kr/content8375.html]
[www.newspub.kr/contentdcea.html]
[www.newspub.kr/content268d.html]
[www.newspub.kr/content0800.html]
[www.newspub.kr/content24ae.html]
[www.newspub.kr/content0e0b.html]
[www.newspub.kr/content5574.html]
[www.newspub.kr/contenta345.html]
[www.newspub.kr/category0b3c.html]
[www.newspub.kr/content6f7e.html]
[www.newspub.kr/contentb0e1.html]
[www.newspub.kr/content07b8.html]
[www.newspub.kr/contentd721.html]
[www.newspub.kr/content465a.html]
[www.newspub.kr/content7e7c.html]
[www.newspub.kr/categorye823.html]
[www.newspub.kr/contentea66.html]
[www.newspub.kr/contente681.html]
[www.newspub.kr/contentdb5a.html]
[www.newspub.kr/contentdac6.html]
[www.newspub.kr/content02f4.html]
[www.newspub.kr/content79ae.html]
[www.newspub.kr/contentab18.html]
[www.newspub.kr/contentaa38.html]
[www.newspub.kr/contentca8a.html]
[www.newspub.kr/contentda6b.html]
[www.newspub.kr/content6a69.html]
[www.newspub.kr/contentff00.html]
[www.newspub.kr/category3584.html]
[www.newspub.kr/content894e.html]
[www.newspub.kr/content3956.html]
[www.newspub.kr/contentf35c.html]
[www.newspub.kr/content3b28.html]
[www.newspub.kr/content50d9.html]
[www.newspub.kr/content7698.html]
[www.newspub.kr/categoryef5f.html]
[www.newspub.kr/content75d5.html]
[www.newspub.kr/content16d3.html]
[www.newspub.kr/content06c7.html]
[www.newspub.kr/contentd767.html]
[www.newspub.kr/contentf93b.html]
[www.newspub.kr/content8dde.html]
[www.newspub.kr/contact.html]
[www.newspub.kr/static/images/shop/arrow_carrot-down.html]
[www.newspub.kr/static/images/blog_agency/envelope.html]
[www.newspub.kr/static/images/blog_detail/icon_search2.html]
[www.newspub.kr/static/css/images/ui-icons_444444_256x240.html]
[www.newspub.kr/static/css/images/ui-icons_555555_256x240.html]
[www.newspub.kr/static/css/images/ui-icons_ffffff_256x240.html]
[www.newspub.kr/static/css/images/ui-icons_777620_256x240.html]
[www.newspub.kr/static/css/images/ui-icons_cc0000_256x240.html]
[www.newspub.kr/static/css/images/ui-icons_777777_256x240.html]
[www.newspub.kr/static/fonts/ElegantIcons.html]
[www.newspub.kr/static/fonts/ElegantIconsd41d.html]
[www.newspub.kr/static/fonts/ElegantIcons-2.html]
[www.newspub.kr/static/fonts/ElegantIcons-3.html]
[www.newspub.kr/static/fonts/ElegantIcons-4.html]
[www.newspub.kr/static/fonts/themify9f24.html]
[www.newspub.kr/static/fonts/themifyd41d.html]
[www.newspub.kr/static/fonts/themify9f24-2.html]
[www.newspub.kr/static/fonts/themify9f24-3.html]
[www.newspub.kr/static/fonts/themify9f24-4.html]
[www.newspub.kr/home7c2d.html]
[www.newspub.kr/category3951.html]
[www.newspub.kr/categoryb1db.html]
[www.newspub.kr/categoryc208.html]
[www.newspub.kr/categoryb00c.html]
[www.newspub.kr/categoryf297.html]
[www.newspub.kr/categorye840.html]
[www.newspub.kr/category9a4d.html]
[www.newspub.kr/categoryed2a.html]
[www.newspub.kr/category29f0.html]
[www.newspub.kr/category0c9a.html]
[www.newspub.kr/category7d38.html]
[www.newspub.kr/contentd284.html]
[www.newspub.kr/category50c6.html]
[www.newspub.kr/content620d.html]
[www.newspub.kr/category140c.html]
[www.newspub.kr/content9d56.html]
[www.newspub.kr/category3516.html]
[www.newspub.kr/content3d10.html]
[www.newspub.kr/categorye3e4.html]
[www.newspub.kr/contenta9a9.html]
[www.newspub.kr/content1861.html]
[www.newspub.kr/content572d.html]
[www.newspub.kr/contente03c.html]
[www.newspub.kr/content3174.html]
[www.newspub.kr/categoryaa4b.html]
[www.newspub.kr/contentf373.html]
[www.newspub.kr/contenta9ac.html]
[www.newspub.kr/contentad65.html]
[www.newspub.kr/content2792.html]
[www.newspub.kr/content49e5.html]
[www.newspub.kr/content3399.html]
[www.newspub.kr/content8117.html]
[www.newspub.kr/contentc67f.html]
[www.newspub.kr/content1bc6.html]
[www.newspub.kr/content10a1.html]
[www.newspub.kr/contenteaf9.html]
[www.newspub.kr/content2c9e.html]
[www.newspub.kr/contentab01.html]
[www.newspub.kr/content2291.html]
[www.newspub.kr/content8675.html]
[www.newspub.kr/contentba79.html]
[www.newspub.kr/content20ae.html]
[www.newspub.kr/content3cfe.html]
[www.newspub.kr/category369b.html]
[www.newspub.kr/content8f90.html]
[www.newspub.kr/contentff03.html]
[www.newspub.kr/content0e26.html]
[www.newspub.kr/content8e60.html]
[www.newspub.kr/content41bb.html]
[www.newspub.kr/content1500.html]
[www.newspub.kr/categoryf093.html]
[www.newspub.kr/content2ec1.html]
[www.newspub.kr/content8800.html]
[www.newspub.kr/contentf2f4.html]
[www.newspub.kr/content671e.html]
[www.newspub.kr/content1065.html]
[www.newspub.kr/content741e.html]
[www.newspub.kr/contentda00.html]
[www.newspub.kr/contentd6b2.html]
[www.newspub.kr/contentc0d5.html]
[www.newspub.kr/contentf9c9.html]
[www.newspub.kr/contentc88b.html]
[www.newspub.kr/content1674.html]
[www.newspub.kr/categorydafe.html]
[www.newspub.kr/content3c91.html]
[www.newspub.kr/content34f8.html]
[www.newspub.kr/contentd6e4.html]
[www.newspub.kr/contentff13.html]
[www.newspub.kr/content93b8.html]
[www.newspub.kr/contente026.html]
[www.newspub.kr/category4bc4.html]
[www.newspub.kr/contentd7d3.html]
[www.newspub.kr/content2bdd.html]
[www.newspub.kr/content19e5.html]
[www.newspub.kr/content8337.html]
[www.newspub.kr/content0a98.html]
[www.newspub.kr/contentb5a0.html]
[www.newspub.kr/indexae95.html]
[www.newspub.kr/contente0ea.html]
[www.newspub.kr/content575f.html]
[www.newspub.kr/contentdcc0.html]
[www.newspub.kr/contenta784.html]
[www.newspub.kr/content7e2a.html]
[www.newspub.kr/content860a.html]
[www.newspub.kr/content3d22.html]
[www.newspub.kr/contentc9c1.html]
[www.newspub.kr/contenta9b9.html]
[www.newspub.kr/contentd591.html]
[www.newspub.kr/content4d2d.html]
[www.newspub.kr/content7cfb.html]
[www.newspub.kr/contentf299.html]
[www.newspub.kr/content16dd.html]
[www.newspub.kr/content1721.html]
[www.newspub.kr/content5b02.html]
[www.newspub.kr/content2c35.html]
[www.newspub.kr/content2ed2.html]
[www.newspub.kr/content42bf.html]
[www.newspub.kr/content5019.html]
[www.newspub.kr/contentfc85.html]
[www.newspub.kr/content0274.html]
[www.newspub.kr/contente679.html]
[www.newspub.kr/content2a7b.html]
[www.newspub.kr/contentfff7.html]
[www.newspub.kr/content1ade.html]
[www.newspub.kr/contentac8a.html]
[www.newspub.kr/contente484.html]
[www.newspub.kr/content8406.html]
[www.newspub.kr/contentfbad.html]
[www.newspub.kr/content8e3c.html]
[www.newspub.kr/content4e31.html]
[www.newspub.kr/contentd2ce.html]
[www.newspub.kr/content7079.html]
[www.newspub.kr/content3cb3.html]
[www.newspub.kr/content9574.html]
[www.newspub.kr/contentb959.html]
[www.newspub.kr/content9c3f.html]
[www.newspub.kr/contentc5b6.html]
[www.newspub.kr/contentc717.html]
[www.newspub.kr/contentdcbc.html]
[www.newspub.kr/content386c.html]
[www.newspub.kr/contentf063.html]
[www.newspub.kr/content8e69.html]
[www.newspub.kr/content959e.html]
[www.newspub.kr/content6f03.html]
[www.newspub.kr/content6b88.html]
[www.newspub.kr/content73d2.html]
[www.newspub.kr/contente721.html]
[www.newspub.kr/content8a2b.html]
[www.newspub.kr/content6c83.html]
[www.newspub.kr/contentbe20.html]
[www.newspub.kr/content436b.html]
[www.newspub.kr/contentf821.html]
[www.newspub.kr/contentfff8.html]
[www.newspub.kr/content37a5.html]
[www.newspub.kr/content00ce.html]
[www.newspub.kr/content2313.html]
[www.newspub.kr/content862e.html]
[www.newspub.kr/contentdd16.html]
[www.newspub.kr/content359a.html]
[www.newspub.kr/content4fa9.html]
[www.newspub.kr/content7cbc.html]
[www.newspub.kr/content8505.html]
[www.newspub.kr/contentfd6e.html]
[www.newspub.kr/contentf1e1.html]
[www.newspub.kr/contentda57.html]
[www.newspub.kr/contente7da.html]
[www.newspub.kr/content38e0.html]
[www.newspub.kr/contentc751.html]
[www.newspub.kr/content5b1e.html]
[www.newspub.kr/content6e0c.html]
[www.newspub.kr/contente769.html]
[www.newspub.kr/content1e2d.html]
[www.newspub.kr/contenta25a.html]
[www.newspub.kr/content4609.html]
[www.newspub.kr/contentdd9e.html]
[www.newspub.kr/content70f7.html]
[www.newspub.kr/content1936.html]
[www.newspub.kr/content30ce.html]
[www.newspub.kr/contenta8d5.html]
[www.newspub.kr/content42c9.html]
[www.newspub.kr/content12e1.html]
[www.newspub.kr/content17c2.html]
[www.newspub.kr/content9636.html]
[www.newspub.kr/content8bd3.html]
[www.newspub.kr/contentadbe.html]
[www.newspub.kr/content3ea8.html]
[www.newspub.kr/contentc65a.html]
[www.newspub.kr/content56d2.html]
[www.newspub.kr/content0fb4.html]
[www.newspub.kr/content05fd.html]
[www.newspub.kr/contentadbd.html]
[www.newspub.kr/content2b00.html]
[www.newspub.kr/contentd305.html]
[www.newspub.kr/contenta0ca.html]
[www.newspub.kr/contentb272.html]
[www.newspub.kr/contente9bf.html]
[www.newspub.kr/contentc3e1.html]
[www.newspub.kr/contentf565.html]
[www.newspub.kr/content818f.html]
[www.newspub.kr/content1ec5.html]
[www.newspub.kr/contentdcf3.html]
[www.newspub.kr/content1b08.html]
[www.newspub.kr/content6cbd.html]
[www.newspub.kr/content2344.html]
[www.newspub.kr/contentcef7.html]
[www.newspub.kr/content6908.html]
[www.newspub.kr/content5734.html]
[www.newspub.kr/contentee0b.html]
[www.newspub.kr/content9b6d.html]
[www.newspub.kr/content738b.html]
[www.newspub.kr/content3173.html]
[www.newspub.kr/content0b4a.html]
[www.newspub.kr/content1139.html]
[www.newspub.kr/content96ba.html]
[www.newspub.kr/contentf498.html]
[www.newspub.kr/content707a.html]
[www.newspub.kr/content5e05.html]
[www.newspub.kr/content780f.html]
[www.newspub.kr/content35d8.html]
[www.newspub.kr/content0e4e.html]
[www.newspub.kr/content667f.html]
[www.newspub.kr/content2f8d.html]
[www.newspub.kr/content0d7c.html]
[www.newspub.kr/content7e6b.html]
[www.newspub.kr/content6c6c.html]
[www.newspub.kr/content9d17.html]
[www.newspub.kr/content2ba8.html]
[www.newspub.kr/content590b.html]
[www.newspub.kr/content8fd2.html]
[www.newspub.kr/content1ad3.html]
[www.newspub.kr/content34ad.html]
[www.newspub.kr/contentcaa8.html]
[www.newspub.kr/content2dc4.html]
[www.newspub.kr/contentb4e3.html]
[www.newspub.kr/contentef2f.html]
[www.newspub.kr/content16a7.html]
[www.newspub.kr/content46b8.html]
[www.newspub.kr/content21ce.html]
[www.newspub.kr/content2eb1.html]
[www.newspub.kr/content616a.html]
[www.newspub.kr/content2480.html]
[www.newspub.kr/content5031.html]
[www.newspub.kr/content25ce.html]
[www.newspub.kr/contentc238.html]
[www.newspub.kr/content8c8e.html]
[www.newspub.kr/content6b13.html]
[www.newspub.kr/content7923.html]
[www.newspub.kr/content62ad.html]
[www.newspub.kr/contente9af.html]
[www.newspub.kr/content5ef3.html]
[www.newspub.kr/content1afb.html]
[www.newspub.kr/contentea80.html]
[www.newspub.kr/contentde09.html]
[www.newspub.kr/content45a3.html]
[www.newspub.kr/content7610.html]
[www.newspub.kr/content3b1e.html]
[www.newspub.kr/content1da0.html]
[www.newspub.kr/contente9d5.html]
[www.newspub.kr/contenta5f6.html]
[www.newspub.kr/content93d9.html]
[www.newspub.kr/content0563.html]
[www.newspub.kr/content629f.html]
[www.newspub.kr/contentbfa2.html]
[www.newspub.kr/content4800.html]
[www.newspub.kr/contentfdd0.html]
[www.newspub.kr/contente939.html]
[www.newspub.kr/content8847.html]
[www.newspub.kr/content0543.html]
[www.newspub.kr/content72d0.html]
[www.newspub.kr/content4f4e.html]
[www.newspub.kr/content05f7.html]
[www.newspub.kr/content8431.html]
[www.newspub.kr/content0d81.html]
[www.newspub.kr/content01eb.html]
[www.newspub.kr/content67c4.html]
[www.newspub.kr/content57b6.html]
[www.newspub.kr/contentd14a.html]
[www.newspub.kr/contentedc4.html]
[www.newspub.kr/contentc1d1.html]
[www.newspub.kr/content1dc8.html]
[www.newspub.kr/contentb5ea.html]
[www.newspub.kr/content477a.html]
[www.newspub.kr/contentcc45.html]
[www.newspub.kr/contenta28e.html]
[www.newspub.kr/contentdb51.html]
[www.newspub.kr/contenta13f.html]
[www.newspub.kr/content25de.html]
[www.newspub.kr/contenta7ac.html]
[www.newspub.kr/content280d.html]
[www.newspub.kr/content4ddf.html]
[www.newspub.kr/content941b.html]
[www.newspub.kr/content88de.html]
[www.newspub.kr/content4389.html]
[www.newspub.kr/contentd315.html]
[www.newspub.kr/content7d5b.html]
[www.newspub.kr/content36a0.html]
[www.newspub.kr/content7e07.html]
[www.newspub.kr/contentfde9.html]
[www.newspub.kr/content0fe9.html]
[www.newspub.kr/contentfed6.html]
[www.newspub.kr/content0d43-2.html]
[www.newspub.kr/content8117-2.html]
[www.newspub.kr/content6164.html]
[www.newspub.kr/content8e1b.html]
[www.newspub.kr/contentaa51.html]
[www.newspub.kr/contentdde7.html]
[www.newspub.kr/contentddba.html]
[www.newspub.kr/content19b1.html]
[www.newspub.kr/content5f00.html]
[www.newspub.kr/contentdc5c.html]
[www.newspub.kr/contente589.html]
[www.newspub.kr/content31d5.html]
[www.newspub.kr/content98c6.html]
[www.newspub.kr/content008f.html]
[www.newspub.kr/content854b.html]
[www.newspub.kr/contentc19e.html]
[www.newspub.kr/contenteaf4.html]
[www.newspub.kr/contentbd08.html]
[www.newspub.kr/content59b0.html]
[www.newspub.kr/contente0e0.html]
[www.newspub.kr/contentcf8b.html]
[www.newspub.kr/content1978.html]
[www.newspub.kr/content7ea2.html]
